[  100/3001] rows so far: 321,384
[  200/3001] rows so far: 645,045
[  300/3001] rows so far: 972,912
[  400/3001] rows so far: 1,276,948
[  500/3001] rows so far: 1,579,558
[  600/3001] rows so far: 1,868,056
[  700/3001] rows so far: 2,164,530
[  800/3001] rows so far: 2,457,768
[  900/3001] rows so far: 2,749,509
[ 1000/3001] rows so far: 3,035,364
[ 1100/3001] rows so far: 3,319,691
[ 1200/3001] rows so far: 3,579,650
[ 1300/3001] rows so far: 3,843,419
[ 1400/3001] rows so far: 4,099,289
[ 1500/3001] rows so far: 4,355,298
[ 1600/3001] rows so far: 4,619,999
[ 1700/3001] rows so far: 4,895,801
[ 1800/3001] rows so far: 5,143,164
[ 1900/3001] rows so far: 5,398,355
[ 2000/3001] rows so far: 5,653,988
[ 2100/3001] rows so far: 5,900,125
[ 2200/3001] rows so far: 6,153,944
[ 2300/3001] rows so far: 6,390,184
[ 2400/3001] rows so far: 6,627,458
[ 2500/3001] rows so far: 6,870,414
[ 2600/3001] rows so far: 7,108,828
[ 2700/3001] rows so far: 7,359,812
[ 2800/3001] rows so far: 7,628,618
[ 2900/3001] rows so far: 7,873,300
[ 3000/3001] rows so far: 8,093,785
[ 3001/3001] rows so far: 8,095,404
         n     k          d0          d1
0  8095404  3001  2013-01-02  2026-09-14
